// Jest Snapshot v1, https://goo.gl/fbAQLP

exports[`renders book detail component correctly 1`] = `
<View
  style={
    Object {
      "backgroundColor": "rgba(255, 255, 255, 1)",
      "borderRadius": 5,
      "elevation": 3,
      "flex": 1,
      "marginVertical": 10,
      "padding": 15,
      "shadowColor": "rgba(69, 69, 69, 0.5)",
      "shadowOffset": Object {
        "height": 2,
        "width": 2,
      },
      "shadowOpacity": 0.5,
      "shadowRadius": 3,
      "width": "100%",
    }
  }
>
  <View
    style={
      Object {
        "flexDirection": "row",
      }
    }
  >
    <Image
      source={
        Object {
          "uri": "",
        }
      }
      style={
        Object {
          "height": 90,
          "marginRight": 20,
          "width": 60,
        }
      }
    />
    <View
      style={
        Object {
          "justifyContent": "flex-start",
          "width": "70%",
        }
      }
    >
      <Text
        style={
          Object {
            "color": "rgba(69, 69, 69, 1)",
            "fontFamily": "Nunito-Bold",
            "fontSize": 16,
            "lineHeight": 22,
          }
        }
      >
        Ring of Bright Water
      </Text>
      <Text
        style={
          Object {
            "color": "rgba(106, 106, 106, 1)",
            "fontFamily": "Nunito-Regular",
            "fontSize": 16,
            "lineHeight": 22,
          }
        }
      >
        Emmie Thiel
      </Text>
    </View>
  </View>
</View>
`;
