// Jest Snapshot v1, https://goo.gl/fbAQLP

exports[`renders book detail component correctly 1`] = `
<View
  style={
    Object {
      "alignItems": "center",
      "backgroundColor": "rgba(235, 246, 251, 1)",
      "flex": 1,
      "flexDirection": "column",
      "justifyContent": "center",
      "paddingHorizontal": 20,
    }
  }
>
  <Image
    source={
      Object {
        "testUri": "../../../src/assets/img/book.png",
      }
    }
    style={
      Object {
        "height": 150,
        "width": 150,
      }
    }
  />
  <Text
    style={
      Object {
        "color": "rgba(69, 69, 69, 1)",
        "fontFamily": "Nunito-Bold",
        "fontSize": 16,
        "lineHeight": 22,
        "marginVertical": 20,
        "textAlign": "center",
        "width": "100%",
      }
    }
  >
    [missing "en.rentals.empty" translation]
  </Text>
</View>
`;
